{"level":"error","message":"Login Failed! Please Try Again"}
{"level":"error","message":"Login Failed! Please Try Again"}
{"level":"error","message":{"email":"superadmin2@gmail.com","password":""}}
{"level":"error","message":"Login Failed! Please Try Again"}
{"level":"error","message":{"email":"superadmin2@gmail.com","password":"superadminpassword"}}
{"level":"error","message":"logger.success is not a function"}
{"level":"error","message":{"email":"superadmin2@gmail.com","password":"superadminpassword"}}
{"level":"error","message":{"email":"09259599508","password":"nangmyintzu"}}
{"level":"error","message":"Login Failed! Please Try Again"}
{"level":"error","message":"Login Failed! Please Try Again"}
{"level":"error","message":{"email":"09259599508","password":"userpassword"}}
{"level":"error","message":"Login Failed! Please Try Again"}
{"level":"error","message":"Login Failed! Please Try Again"}
{"level":"error","message":{"email":"09259599508","password":"userpassword"}}
{"level":"error","message":"Login Failed! Please Try Again"}
{"level":"error","message":"Login Failed! Please Try Again"}
{"level":"error","message":"Login Failed! Please Try Again"}
{"level":"error","message":"Login Failed! Please Try Again"}
{"level":"error","message":"WHERE parameter \"email\" has invalid \"undefined\" value"}
{"level":"error","message":"WHERE parameter \"email\" has invalid \"undefined\" value"}
{"level":"error","message":"WHERE parameter \"email\" has invalid \"undefined\" value"}
